../Core/Src/main_menu.c:13:6:Set_up	16	static
../Core/Src/main_menu.c:21:6:Print_arrow	16	static
../Core/Src/main_menu.c:69:6:Setting_menu_1	48	static
../Core/Src/main_menu.c:86:6:Setting_menu_2	48	static
../Core/Src/main_menu.c:104:6:Main_menu	16	static
../Core/Src/main_menu.c:125:6:Change_hour_button	48	static
../Core/Src/main_menu.c:134:6:Change_minutes_button	48	static
../Core/Src/main_menu.c:143:6:Change_seconds_button	48	static
../Core/Src/main_menu.c:152:6:Change_date_button	48	static
../Core/Src/main_menu.c:161:6:Change_month_button	48	static
../Core/Src/main_menu.c:170:6:Change_year_button	48	static
../Core/Src/main_menu.c:179:6:Setup_menu	8	static
